2025-02-12 19:01:33,149 - root - INFO - Prompt: <s>[INST] As a sales intelligence assistant, analyze this lead and provide insights:

Lead Details:
- Industry: Technology
- Lead Score: 100.0/100
- Lead Source: Web
- Status: Qualified
- Conversion Probability: 100.0%

Provide three short points:
1. Key insight about this lead
2. Specific next best action
3. Main risk factor

Keep each point under 50 words. [/INST]</s>
2025-02-12 19:01:34,658 - root - INFO - Response: ot;
1. This lead is from the technology sector with a perfect score of 100, indicating high interest and engagement.
2. Schedule a product demo or consultation to convert their interest into a sale.
3. The main risk factor is overconfidence; ensure that all their needs and concerns are addressed during the demo.
2025-02-12 19:01:34,662 - root - INFO - Prompt: <s>[INST] As a sales intelligence assistant, analyze this lead and provide insights:

Lead Details:
- Industry: Technology
- Lead Score: 97.1/100
- Lead Source: Phone Inquiry
- Status: Qualified
- Conversion Probability: 97.1%

Provide three short points:
1. Key insight about this lead
2. Specific next best action
3. Main risk factor

Keep each point under 50 words. [/INST]</s>
2025-02-12 19:01:36,006 - root - INFO - Response: 
1. This lead is highly engaged, with a perfect lead score and conversion probability, indicating strong interest in your technology products.
2. Schedule a product demo or consultation to capitalize on their interest and address any specific needs or questions they may have.
3. The main risk factor is potential price sensitivity, given the technology industry's focus on cost-effectiveness, so be prepared to discuss value and ROI.
2025-02-12 19:01:36,006 - root - INFO - Prompt: <s>[INST] As a sales intelligence assistant, analyze this lead and provide insights:

Lead Details:
- Industry: Finance
- Lead Score: 93.7/100
- Lead Source: Phone Inquiry
- Status: Open
- Conversion Probability: 93.7%

Provide three short points:
1. Key insight about this lead
2. Specific next best action
3. Main risk factor

Keep each point under 50 words. [/INST]</s>
2025-02-12 19:01:37,416 - root - INFO - Response: 

1. This lead has a high lead score and conversion probability, indicating strong interest and sales readiness in finance products.
2. Schedule a product demo or consultation to convert this warm lead into a customer.
3. The main risk factor is that the lead might be comparing options, so act quickly to maintain interest.
2025-02-12 19:01:37,418 - root - INFO - Prompt: <s>[INST] As a sales intelligence assistant, analyze this lead and provide insights:

Lead Details:
- Industry: Technology
- Lead Score: 90.6/100
- Lead Source: Web
- Status: Open
- Conversion Probability: 90.6%

Provide three short points:
1. Key insight about this lead
2. Specific next best action
3. Main risk factor

Keep each point under 50 words. [/INST]</s>
2025-02-12 19:01:39,054 - root - INFO - Response: 
1. This lead, working in the technology sector, has shown strong interest with a high lead score and conversion probability of 90.6%, indicating they are highly engaged and likely to become a customer.
2. Specific next step is to contact the lead proactively, addressing their pain points and demonstrating the value our product or service can bring to their technology business.
3. A potential risk factor could be that, due to the high-level of engagement, the lead may already be in advanced discussions with a competitor; therefore, it's crucial to act promptly and differentiate our offering.
2025-02-12 19:01:39,056 - root - INFO - Prompt: <s>[INST] As a sales intelligence assistant, analyze this lead and provide insights:

Lead Details:
- Industry: Healthcare
- Lead Score: 82.9/100
- Lead Source: Web
- Status: Contacted
- Conversion Probability: 82.9%

Provide three short points:
1. Key insight about this lead
2. Specific next best action
3. Main risk factor

Keep each point under 50 words. [/INST]</s>
2025-02-12 19:01:40,296 - root - INFO - Response: 
1. This lead from the healthcare industry has a high lead score and conversion probability, indicating strong interest and potential to become a customer.
2. Schedule a product demo or consultation to showcase the value of your solution tailored to their healthcare needs.
3. The main risk factor is that the lead has already been contacted but hasn't yet converted. Stay persistent and ensure timely follow-ups without being overly pushy.
2025-02-12 19:01:40,296 - root - INFO - Prompt: <s>[INST] As a sales intelligence assistant, analyze this lead and provide insights:

Lead Details:
- Industry: Technology
- Lead Score: 76.6/100
- Lead Source: Partner
- Status: Unqualified
- Conversion Probability: 76.6%

Provide three short points:
1. Key insight about this lead
2. Specific next best action
3. Main risk factor

Keep each point under 50 words. [/INST]</s>
2025-02-12 19:01:45,922 - root - INFO - Response: 
1. This lead, from the technology industry, has a high lead score and conversion probability, indicating strong potential interest and a likelihood to convert.
2. Next best action: Schedule a discovery call to further understand their needs, pain points, and how our solution can benefit them.
3. Main risk factor: The lead is currently unqualified, so more information is needed to determine if they are a good fit for the product/service.
2025-02-12 19:01:45,924 - root - INFO - Prompt: <s>[INST] As a sales intelligence assistant, analyze this lead and provide insights:

Lead Details:
- Industry: Technology
- Lead Score: 76.6/100
- Lead Source: Partner
- Status: Open
- Conversion Probability: 76.6%

Provide three short points:
1. Key insight about this lead
2. Specific next best action
3. Main risk factor

Keep each point under 50 words. [/INST]</s>
2025-02-12 19:01:47,411 - root - INFO - Response: : 1. This lead from the technology sector has a high sales intelligence score and conversion probability, indicating a strong interest and potential to convert.
2. Prioritize reaching out to this lead, as they came from a partner source, and tailor your pitch to highlight any shared connections or partnership benefits.
3. The main risk is complacency; maintain a sense of urgency and continue nurturing this lead to avoid losing their interest or business to a competitor."
2025-02-12 19:01:47,411 - root - INFO - Prompt: <s>[INST] As a sales intelligence assistant, analyze this lead and provide insights:

Lead Details:
- Industry: Technology
- Lead Score: 76.6/100
- Lead Source: Cold Call
- Status: Unqualified
- Conversion Probability: 76.6%

Provide three short points:
1. Key insight about this lead
2. Specific next best action
3. Main risk factor

Keep each point under 50 words. [/INST]</s>
2025-02-12 19:01:51,526 - root - INFO - Response: 
1. This lead in the technology industry has a high lead score and conversion probability, indicating strong interest and potential to become a customer.
2. Next best action is to schedule a follow-up call or demo to further discuss their needs and demonstrate the value of your product.
3. Main risk factor is the current unqualified status, which may indicate a lack of understanding of the lead's budget, authority, and timeline for making a purchase decision.
2025-02-12 19:01:51,527 - root - INFO - Prompt: <s>[INST] As a sales intelligence assistant, analyze this lead and provide insights:

Lead Details:
- Industry: Technology
- Lead Score: 75.9/100
- Lead Source: Cold Call
- Status: Qualified
- Conversion Probability: 75.9%

Provide three short points:
1. Key insight about this lead
2. Specific next best action
3. Main risk factor

Keep each point under 50 words. [/INST]</s>
2025-02-12 19:01:56,442 - root - INFO - Response: 
1. This lead is highly engaged in the technology industry, with a strong interest in innovative solutions, as indicated by their high lead score and conversion probability.
2. Next best action is to schedule a product demo or consultation to showcase how our offerings can address their technology needs and provide value.
3. Main risk factor is potential competition from other technology providers; ensure our unique selling points are clearly communicated to differentiate us.
2025-02-12 19:01:56,444 - root - INFO - Prompt: <s>[INST] As a sales intelligence assistant, analyze this lead and provide insights:

Lead Details:
- Industry: Retail
- Lead Score: 75.9/100
- Lead Source: Web
- Status: Qualified
- Conversion Probability: 75.9%

Provide three short points:
1. Key insight about this lead
2. Specific next best action
3. Main risk factor

Keep each point under 50 words. [/INST]</s>
2025-02-12 19:02:00,955 - root - INFO - Response: 
1. This retail industry lead has a low lead score but a high conversion probability, indicating they may be a dormant lead with potential to convert.
2. Initiate contact with a personalized, engaging message to rekindle their interest and assess their current needs.
3. The main risk factor is the low lead score, which could mean they have minimal engagement or interest in your product. Qualifying their pain points and demonstrating value will be crucial.
